  Determining projects to restore...
  All projects are up-to-date for restore.
C:\Users\STUDENT\Desktop\PF_Q2\Program.cs(9,18): error CS1061: 'IServiceCollection' does not contain a definition for 'AddSwaggerGen' and no accessible extension method 'AddSwaggerGen' accepting a first argument of type 'IServiceCollection' could be found (are you missing a using directive or an assembly reference?) [C:\Users\STUDENT\Desktop\PF_Q2\PF_Q2.csproj]
C:\Users\STUDENT\Desktop\PF_Q2\Program.cs(35,9): error CS1061: 'WebApplication' does not contain a definition for 'UseSwagger' and no accessible extension method 'UseSwagger' accepting a first argument of type 'WebApplication' could be found (are you missing a using directive or an assembly reference?) [C:\Users\STUDENT\Desktop\PF_Q2\PF_Q2.csproj]
C:\Users\STUDENT\Desktop\PF_Q2\Program.cs(36,9): error CS1061: 'WebApplication' does not contain a definition for 'UseSwaggerUI' and no accessible extension method 'UseSwaggerUI' accepting a first argument of type 'WebApplication' could be found (are you missing a using directive or an assembly reference?) [C:\Users\STUDENT\Desktop\PF_Q2\PF_Q2.csproj]
C:\Users\STUDENT\Desktop\PF_Q2\Program.cs(52,2): error CS1061: 'RouteHandlerBuilder' does not contain a definition for 'WithOpenApi' and no accessible extension method 'WithOpenApi' accepting a first argument of type 'RouteHandlerBuilder' could be found (are you missing a using directive or an assembly reference?) [C:\Users\STUDENT\Desktop\PF_Q2\PF_Q2.csproj]
C:\Users\STUDENT\Desktop\PF_Q2\Program.cs(60,2): error CS1061: 'RouteHandlerBuilder' does not contain a definition for 'WithOpenApi' and no accessible extension method 'WithOpenApi' accepting a first argument of type 'RouteHandlerBuilder' could be found (are you missing a using directive or an assembly reference?) [C:\Users\STUDENT\Desktop\PF_Q2\PF_Q2.csproj]

Build FAILED.

C:\Users\STUDENT\Desktop\PF_Q2\Program.cs(9,18): error CS1061: 'IServiceCollection' does not contain a definition for 'AddSwaggerGen' and no accessible extension method 'AddSwaggerGen' accepting a first argument of type 'IServiceCollection' could be found (are you missing a using directive or an assembly reference?) [C:\Users\STUDENT\Desktop\PF_Q2\PF_Q2.csproj]
C:\Users\STUDENT\Desktop\PF_Q2\Program.cs(35,9): error CS1061: 'WebApplication' does not contain a definition for 'UseSwagger' and no accessible extension method 'UseSwagger' accepting a first argument of type 'WebApplication' could be found (are you missing a using directive or an assembly reference?) [C:\Users\STUDENT\Desktop\PF_Q2\PF_Q2.csproj]
C:\Users\STUDENT\Desktop\PF_Q2\Program.cs(36,9): error CS1061: 'WebApplication' does not contain a definition for 'UseSwaggerUI' and no accessible extension method 'UseSwaggerUI' accepting a first argument of type 'WebApplication' could be found (are you missing a using directive or an assembly reference?) [C:\Users\STUDENT\Desktop\PF_Q2\PF_Q2.csproj]
C:\Users\STUDENT\Desktop\PF_Q2\Program.cs(52,2): error CS1061: 'RouteHandlerBuilder' does not contain a definition for 'WithOpenApi' and no accessible extension method 'WithOpenApi' accepting a first argument of type 'RouteHandlerBuilder' could be found (are you missing a using directive or an assembly reference?) [C:\Users\STUDENT\Desktop\PF_Q2\PF_Q2.csproj]
C:\Users\STUDENT\Desktop\PF_Q2\Program.cs(60,2): error CS1061: 'RouteHandlerBuilder' does not contain a definition for 'WithOpenApi' and no accessible extension method 'WithOpenApi' accepting a first argument of type 'RouteHandlerBuilder' could be found (are you missing a using directive or an assembly reference?) [C:\Users\STUDENT\Desktop\PF_Q2\PF_Q2.csproj]
    0 Warning(s)
    5 Error(s)

Time Elapsed 00:00:01.29
